Watching for file changes with StatReloader
C:\Users\Andrew\LR5\config\settings.py changed, reloading.
Watching for file changes with StatReloader
C:\Users\Andrew\LR5\config\settings.py changed, reloading.
Watching for file changes with StatReloader
C:\Users\Andrew\LR5\apps\users\apps.py changed, reloading.
Watching for file changes with StatReloader
C:\Users\Andrew\LR5\apps\core\apps.py changed, reloading.
Watching for file changes with StatReloader
Watching for file changes with StatReloader
Watching for file changes with StatReloader
Watching for file changes with StatReloader
Not Found: /favicon.ico
Not Found: /favicon.ico
Internal Server Error: /about/
Traceback (most recent call last):
  File "C:\Users\Andrew\LR5\venv\Lib\site-packages\django\core\handlers\exception.py", line 55, in inner
    response = get_response(request)
  File "C:\Users\Andrew\LR5\venv\Lib\site-packages\django\core\handlers\base.py", line 198, in _get_response
    response = wrapped_callback(request, *callback_args, **callback_kwargs)
  File "C:\Users\Andrew\LR5\apps\core\views.py", line 26, in about
    return render(request, 'core/about.html', context)
  File "C:\Users\Andrew\LR5\venv\Lib\site-packages\django\shortcuts.py", line 25, in render
    content = loader.render_to_string(template_name, context, request, using=using)
  File "C:\Users\Andrew\LR5\venv\Lib\site-packages\django\template\loader.py", line 61, in render_to_string
    template = get_template(template_name, using=using)
  File "C:\Users\Andrew\LR5\venv\Lib\site-packages\django\template\loader.py", line 19, in get_template
    raise TemplateDoesNotExist(template_name, chain=chain)
django.template.exceptions.TemplateDoesNotExist: core/about.html
Internal Server Error: /about/
Traceback (most recent call last):
  File "C:\Users\Andrew\LR5\venv\Lib\site-packages\django\core\handlers\exception.py", line 55, in inner
    response = get_response(request)
  File "C:\Users\Andrew\LR5\venv\Lib\site-packages\django\core\handlers\base.py", line 198, in _get_response
    response = wrapped_callback(request, *callback_args, **callback_kwargs)
  File "C:\Users\Andrew\LR5\apps\core\views.py", line 26, in about
    return render(request, 'core/about.html', context)
  File "C:\Users\Andrew\LR5\venv\Lib\site-packages\django\shortcuts.py", line 25, in render
    content = loader.render_to_string(template_name, context, request, using=using)
  File "C:\Users\Andrew\LR5\venv\Lib\site-packages\django\template\loader.py", line 61, in render_to_string
    template = get_template(template_name, using=using)
  File "C:\Users\Andrew\LR5\venv\Lib\site-packages\django\template\loader.py", line 19, in get_template
    raise TemplateDoesNotExist(template_name, chain=chain)
django.template.exceptions.TemplateDoesNotExist: core/about.html
Internal Server Error: /news/
Traceback (most recent call last):
  File "C:\Users\Andrew\LR5\venv\Lib\site-packages\django\core\handlers\exception.py", line 55, in inner
    response = get_response(request)
  File "C:\Users\Andrew\LR5\venv\Lib\site-packages\django\core\handlers\base.py", line 198, in _get_response
    response = wrapped_callback(request, *callback_args, **callback_kwargs)
  File "C:\Users\Andrew\LR5\apps\core\views.py", line 30, in news_list
    return render(request, 'core/news_list.html', {'news': news})
  File "C:\Users\Andrew\LR5\venv\Lib\site-packages\django\shortcuts.py", line 25, in render
    content = loader.render_to_string(template_name, context, request, using=using)
  File "C:\Users\Andrew\LR5\venv\Lib\site-packages\django\template\loader.py", line 61, in render_to_string
    template = get_template(template_name, using=using)
  File "C:\Users\Andrew\LR5\venv\Lib\site-packages\django\template\loader.py", line 19, in get_template
    raise TemplateDoesNotExist(template_name, chain=chain)
django.template.exceptions.TemplateDoesNotExist: core/news_list.html
C:\Users\Andrew\LR5\apps\core\views.py changed, reloading.
Watching for file changes with StatReloader
C:\Users\Andrew\LR5\apps\core\urls.py changed, reloading.
Watching for file changes with StatReloader
Watching for file changes with StatReloader
Internal Server Error: /about/
Traceback (most recent call last):
  File "C:\Users\Andrew\LR5\venv\Lib\site-packages\django\core\handlers\exception.py", line 55, in inner
    response = get_response(request)
  File "C:\Users\Andrew\LR5\venv\Lib\site-packages\django\core\handlers\base.py", line 198, in _get_response
    response = wrapped_callback(request, *callback_args, **callback_kwargs)
  File "C:\Users\Andrew\LR5\apps\core\views.py", line 26, in about
    return render(request, 'core/about.html', context)
  File "C:\Users\Andrew\LR5\venv\Lib\site-packages\django\shortcuts.py", line 25, in render
    content = loader.render_to_string(template_name, context, request, using=using)
  File "C:\Users\Andrew\LR5\venv\Lib\site-packages\django\template\loader.py", line 61, in render_to_string
    template = get_template(template_name, using=using)
  File "C:\Users\Andrew\LR5\venv\Lib\site-packages\django\template\loader.py", line 19, in get_template
    raise TemplateDoesNotExist(template_name, chain=chain)
django.template.exceptions.TemplateDoesNotExist: core/about.html
Internal Server Error: /about/
Traceback (most recent call last):
  File "C:\Users\Andrew\LR5\venv\Lib\site-packages\django\core\handlers\exception.py", line 55, in inner
    response = get_response(request)
  File "C:\Users\Andrew\LR5\venv\Lib\site-packages\django\core\handlers\base.py", line 198, in _get_response
    response = wrapped_callback(request, *callback_args, **callback_kwargs)
  File "C:\Users\Andrew\LR5\apps\core\views.py", line 26, in about
    return render(request, 'core/about.html', context)
  File "C:\Users\Andrew\LR5\venv\Lib\site-packages\django\shortcuts.py", line 25, in render
    content = loader.render_to_string(template_name, context, request, using=using)
  File "C:\Users\Andrew\LR5\venv\Lib\site-packages\django\template\loader.py", line 61, in render_to_string
    template = get_template(template_name, using=using)
  File "C:\Users\Andrew\LR5\venv\Lib\site-packages\django\template\loader.py", line 19, in get_template
    raise TemplateDoesNotExist(template_name, chain=chain)
django.template.exceptions.TemplateDoesNotExist: core/about.html
Internal Server Error: /about/
Traceback (most recent call last):
  File "C:\Users\Andrew\LR5\venv\Lib\site-packages\django\core\handlers\exception.py", line 55, in inner
    response = get_response(request)
  File "C:\Users\Andrew\LR5\venv\Lib\site-packages\django\core\handlers\base.py", line 198, in _get_response
    response = wrapped_callback(request, *callback_args, **callback_kwargs)
  File "C:\Users\Andrew\LR5\apps\core\views.py", line 26, in about
    return render(request, 'core/about.html', context)
  File "C:\Users\Andrew\LR5\venv\Lib\site-packages\django\shortcuts.py", line 25, in render
    content = loader.render_to_string(template_name, context, request, using=using)
  File "C:\Users\Andrew\LR5\venv\Lib\site-packages\django\template\loader.py", line 61, in render_to_string
    template = get_template(template_name, using=using)
  File "C:\Users\Andrew\LR5\venv\Lib\site-packages\django\template\loader.py", line 19, in get_template
    raise TemplateDoesNotExist(template_name, chain=chain)
django.template.exceptions.TemplateDoesNotExist: core/about.html
Watching for file changes with StatReloader
Internal Server Error: /news/
Traceback (most recent call last):
  File "C:\Users\Andrew\LR5\venv\Lib\site-packages\django\core\handlers\exception.py", line 55, in inner
    response = get_response(request)
  File "C:\Users\Andrew\LR5\venv\Lib\site-packages\django\core\handlers\base.py", line 198, in _get_response
    response = wrapped_callback(request, *callback_args, **callback_kwargs)
  File "C:\Users\Andrew\LR5\apps\core\views.py", line 30, in news_list
    return render(request, 'core/news_list.html', {'news': news})
  File "C:\Users\Andrew\LR5\venv\Lib\site-packages\django\shortcuts.py", line 25, in render
    content = loader.render_to_string(template_name, context, request, using=using)
  File "C:\Users\Andrew\LR5\venv\Lib\site-packages\django\template\loader.py", line 61, in render_to_string
    template = get_template(template_name, using=using)
  File "C:\Users\Andrew\LR5\venv\Lib\site-packages\django\template\loader.py", line 19, in get_template
    raise TemplateDoesNotExist(template_name, chain=chain)
django.template.exceptions.TemplateDoesNotExist: core/news_list.html
Internal Server Error: /contacts/
Traceback (most recent call last):
  File "C:\Users\Andrew\LR5\venv\Lib\site-packages\django\core\handlers\exception.py", line 55, in inner
    response = get_response(request)
  File "C:\Users\Andrew\LR5\venv\Lib\site-packages\django\core\handlers\base.py", line 198, in _get_response
    response = wrapped_callback(request, *callback_args, **callback_kwargs)
  File "C:\Users\Andrew\LR5\apps\core\views.py", line 42, in contacts
    return render(request, 'core/contacts.html', {'employees': employees})
  File "C:\Users\Andrew\LR5\venv\Lib\site-packages\django\shortcuts.py", line 25, in render
    content = loader.render_to_string(template_name, context, request, using=using)
  File "C:\Users\Andrew\LR5\venv\Lib\site-packages\django\template\loader.py", line 61, in render_to_string
    template = get_template(template_name, using=using)
  File "C:\Users\Andrew\LR5\venv\Lib\site-packages\django\template\loader.py", line 19, in get_template
    raise TemplateDoesNotExist(template_name, chain=chain)
django.template.exceptions.TemplateDoesNotExist: core/contacts.html
Internal Server Error: /news/
Traceback (most recent call last):
  File "C:\Users\Andrew\LR5\venv\Lib\site-packages\django\core\handlers\exception.py", line 55, in inner
    response = get_response(request)
  File "C:\Users\Andrew\LR5\venv\Lib\site-packages\django\core\handlers\base.py", line 198, in _get_response
    response = wrapped_callback(request, *callback_args, **callback_kwargs)
  File "C:\Users\Andrew\LR5\apps\core\views.py", line 30, in news_list
    return render(request, 'core/news_list.html', {'news': news})
  File "C:\Users\Andrew\LR5\venv\Lib\site-packages\django\shortcuts.py", line 25, in render
    content = loader.render_to_string(template_name, context, request, using=using)
  File "C:\Users\Andrew\LR5\venv\Lib\site-packages\django\template\loader.py", line 61, in render_to_string
    template = get_template(template_name, using=using)
  File "C:\Users\Andrew\LR5\venv\Lib\site-packages\django\template\loader.py", line 19, in get_template
    raise TemplateDoesNotExist(template_name, chain=chain)
django.template.exceptions.TemplateDoesNotExist: core/news_list.html
Internal Server Error: /contacts/
Traceback (most recent call last):
  File "C:\Users\Andrew\LR5\venv\Lib\site-packages\django\core\handlers\exception.py", line 55, in inner
    response = get_response(request)
  File "C:\Users\Andrew\LR5\venv\Lib\site-packages\django\core\handlers\base.py", line 198, in _get_response
    response = wrapped_callback(request, *callback_args, **callback_kwargs)
  File "C:\Users\Andrew\LR5\apps\core\views.py", line 42, in contacts
    return render(request, 'core/contacts.html', {'employees': employees})
  File "C:\Users\Andrew\LR5\venv\Lib\site-packages\django\shortcuts.py", line 25, in render
    content = loader.render_to_string(template_name, context, request, using=using)
  File "C:\Users\Andrew\LR5\venv\Lib\site-packages\django\template\loader.py", line 61, in render_to_string
    template = get_template(template_name, using=using)
  File "C:\Users\Andrew\LR5\venv\Lib\site-packages\django\template\loader.py", line 19, in get_template
    raise TemplateDoesNotExist(template_name, chain=chain)
django.template.exceptions.TemplateDoesNotExist: core/contacts.html
C:\Users\Andrew\LR5\apps\core\views.py changed, reloading.
Watching for file changes with StatReloader
Internal Server Error: /news/
Traceback (most recent call last):
  File "C:\Users\Andrew\LR5\venv\Lib\site-packages\django\core\handlers\exception.py", line 55, in inner
    response = get_response(request)
  File "C:\Users\Andrew\LR5\venv\Lib\site-packages\django\core\handlers\base.py", line 198, in _get_response
    response = wrapped_callback(request, *callback_args, **callback_kwargs)
  File "C:\Users\Andrew\LR5\apps\core\views.py", line 32, in news_list
    return render(request, 'core/news_list.html', {'news': news})
  File "C:\Users\Andrew\LR5\venv\Lib\site-packages\django\shortcuts.py", line 25, in render
    content = loader.render_to_string(template_name, context, request, using=using)
  File "C:\Users\Andrew\LR5\venv\Lib\site-packages\django\template\loader.py", line 61, in render_to_string
    template = get_template(template_name, using=using)
  File "C:\Users\Andrew\LR5\venv\Lib\site-packages\django\template\loader.py", line 19, in get_template
    raise TemplateDoesNotExist(template_name, chain=chain)
django.template.exceptions.TemplateDoesNotExist: core/news_list.html
Internal Server Error: /contacts/
Traceback (most recent call last):
  File "C:\Users\Andrew\LR5\venv\Lib\site-packages\django\core\handlers\exception.py", line 55, in inner
    response = get_response(request)
  File "C:\Users\Andrew\LR5\venv\Lib\site-packages\django\core\handlers\base.py", line 198, in _get_response
    response = wrapped_callback(request, *callback_args, **callback_kwargs)
  File "C:\Users\Andrew\LR5\apps\core\views.py", line 44, in contacts
    return render(request, 'core/contacts.html', {'employees': employees})
  File "C:\Users\Andrew\LR5\venv\Lib\site-packages\django\shortcuts.py", line 25, in render
    content = loader.render_to_string(template_name, context, request, using=using)
  File "C:\Users\Andrew\LR5\venv\Lib\site-packages\django\template\loader.py", line 61, in render_to_string
    template = get_template(template_name, using=using)
  File "C:\Users\Andrew\LR5\venv\Lib\site-packages\django\template\loader.py", line 19, in get_template
    raise TemplateDoesNotExist(template_name, chain=chain)
django.template.exceptions.TemplateDoesNotExist: core/contacts.html
Internal Server Error: /register/
Traceback (most recent call last):
  File "C:\Users\Andrew\LR5\venv\Lib\site-packages\django\core\handlers\exception.py", line 55, in inner
    response = get_response(request)
  File "C:\Users\Andrew\LR5\venv\Lib\site-packages\django\core\handlers\base.py", line 198, in _get_response
    response = wrapped_callback(request, *callback_args, **callback_kwargs)
  File "C:\Users\Andrew\LR5\apps\core\auth_views.py", line 9, in register
    if form.is_valid():
       ~~~~~~~~~~~~~^^
  File "C:\Users\Andrew\LR5\venv\Lib\site-packages\django\forms\forms.py", line 206, in is_valid
    return self.is_bound and not self.errors
                                 ^^^^^^^^^^^
  File "C:\Users\Andrew\LR5\venv\Lib\site-packages\django\forms\forms.py", line 201, in errors
    self.full_clean()
    ~~~~~~~~~~~~~~~^^
  File "C:\Users\Andrew\LR5\venv\Lib\site-packages\django\forms\forms.py", line 337, in full_clean
    self._clean_fields()
    ~~~~~~~~~~~~~~~~~~^^
  File "C:\Users\Andrew\LR5\venv\Lib\site-packages\django\forms\forms.py", line 347, in _clean_fields
    value = getattr(self, "clean_%s" % name)()
  File "C:\Users\Andrew\LR5\venv\Lib\site-packages\django\contrib\auth\forms.py", line 260, in clean_username
    and self._meta.model.objects.filter(username__iexact=username).exists()
        ^^^^^^^^^^^^^^^^^^^^^^^^
  File "C:\Users\Andrew\LR5\venv\Lib\site-packages\django\db\models\manager.py", line 196, in __get__
    raise AttributeError(
    ...<5 lines>...
    )
AttributeError: Manager isn't available; 'auth.User' has been swapped for 'users.CustomUser'
Internal Server Error: /contacts/
Traceback (most recent call last):
  File "C:\Users\Andrew\LR5\venv\Lib\site-packages\django\core\handlers\exception.py", line 55, in inner
    response = get_response(request)
  File "C:\Users\Andrew\LR5\venv\Lib\site-packages\django\core\handlers\base.py", line 198, in _get_response
    response = wrapped_callback(request, *callback_args, **callback_kwargs)
  File "C:\Users\Andrew\LR5\apps\core\views.py", line 44, in contacts
    return render(request, 'core/contacts.html', {'employees': employees})
  File "C:\Users\Andrew\LR5\venv\Lib\site-packages\django\shortcuts.py", line 25, in render
    content = loader.render_to_string(template_name, context, request, using=using)
  File "C:\Users\Andrew\LR5\venv\Lib\site-packages\django\template\loader.py", line 61, in render_to_string
    template = get_template(template_name, using=using)
  File "C:\Users\Andrew\LR5\venv\Lib\site-packages\django\template\loader.py", line 19, in get_template
    raise TemplateDoesNotExist(template_name, chain=chain)
django.template.exceptions.TemplateDoesNotExist: core/contacts.html
C:\Users\Andrew\LR5\apps\core\auth_views.py changed, reloading.
Watching for file changes with StatReloader
Watching for file changes with StatReloader
Internal Server Error: /news/
Traceback (most recent call last):
  File "C:\Users\Andrew\LR5\venv\Lib\site-packages\django\core\handlers\exception.py", line 55, in inner
    response = get_response(request)
  File "C:\Users\Andrew\LR5\venv\Lib\site-packages\django\core\handlers\base.py", line 198, in _get_response
    response = wrapped_callback(request, *callback_args, **callback_kwargs)
  File "C:\Users\Andrew\LR5\apps\core\views.py", line 32, in news_list
    return render(request, 'core/news_list.html', {'news': news})
  File "C:\Users\Andrew\LR5\venv\Lib\site-packages\django\shortcuts.py", line 25, in render
    content = loader.render_to_string(template_name, context, request, using=using)
  File "C:\Users\Andrew\LR5\venv\Lib\site-packages\django\template\loader.py", line 61, in render_to_string
    template = get_template(template_name, using=using)
  File "C:\Users\Andrew\LR5\venv\Lib\site-packages\django\template\loader.py", line 19, in get_template
    raise TemplateDoesNotExist(template_name, chain=chain)
django.template.exceptions.TemplateDoesNotExist: core/news_list.html
Internal Server Error: /contacts/
Traceback (most recent call last):
  File "C:\Users\Andrew\LR5\venv\Lib\site-packages\django\core\handlers\exception.py", line 55, in inner
    response = get_response(request)
  File "C:\Users\Andrew\LR5\venv\Lib\site-packages\django\core\handlers\base.py", line 198, in _get_response
    response = wrapped_callback(request, *callback_args, **callback_kwargs)
  File "C:\Users\Andrew\LR5\apps\core\views.py", line 44, in contacts
    return render(request, 'core/contacts.html', {'employees': employees})
  File "C:\Users\Andrew\LR5\venv\Lib\site-packages\django\shortcuts.py", line 25, in render
    content = loader.render_to_string(template_name, context, request, using=using)
  File "C:\Users\Andrew\LR5\venv\Lib\site-packages\django\template\loader.py", line 61, in render_to_string
    template = get_template(template_name, using=using)
  File "C:\Users\Andrew\LR5\venv\Lib\site-packages\django\template\loader.py", line 19, in get_template
    raise TemplateDoesNotExist(template_name, chain=chain)
django.template.exceptions.TemplateDoesNotExist: core/contacts.html
Watching for file changes with StatReloader
Internal Server Error: /contacts/
Traceback (most recent call last):
  File "C:\Users\Andrew\LR5\venv\Lib\site-packages\django\core\handlers\exception.py", line 55, in inner
    response = get_response(request)
  File "C:\Users\Andrew\LR5\venv\Lib\site-packages\django\core\handlers\base.py", line 198, in _get_response
    response = wrapped_callback(request, *callback_args, **callback_kwargs)
  File "C:\Users\Andrew\LR5\apps\core\views.py", line 44, in contacts
    return render(request, 'core/contacts.html', {'employees': employees})
  File "C:\Users\Andrew\LR5\venv\Lib\site-packages\django\shortcuts.py", line 25, in render
    content = loader.render_to_string(template_name, context, request, using=using)
  File "C:\Users\Andrew\LR5\venv\Lib\site-packages\django\template\loader.py", line 61, in render_to_string
    template = get_template(template_name, using=using)
  File "C:\Users\Andrew\LR5\venv\Lib\site-packages\django\template\loader.py", line 19, in get_template
    raise TemplateDoesNotExist(template_name, chain=chain)
django.template.exceptions.TemplateDoesNotExist: core/contacts.html
Watching for file changes with StatReloader
Internal Server Error: /contacts/
Traceback (most recent call last):
  File "C:\Users\Andrew\LR5\venv\Lib\site-packages\django\core\handlers\exception.py", line 55, in inner
    response = get_response(request)
  File "C:\Users\Andrew\LR5\venv\Lib\site-packages\django\core\handlers\base.py", line 198, in _get_response
    response = wrapped_callback(request, *callback_args, **callback_kwargs)
  File "C:\Users\Andrew\LR5\apps\core\views.py", line 44, in contacts
    return render(request, 'core/contacts.html', {'employees': employees})
  File "C:\Users\Andrew\LR5\venv\Lib\site-packages\django\shortcuts.py", line 25, in render
    content = loader.render_to_string(template_name, context, request, using=using)
  File "C:\Users\Andrew\LR5\venv\Lib\site-packages\django\template\loader.py", line 61, in render_to_string
    template = get_template(template_name, using=using)
  File "C:\Users\Andrew\LR5\venv\Lib\site-packages\django\template\loader.py", line 19, in get_template
    raise TemplateDoesNotExist(template_name, chain=chain)
django.template.exceptions.TemplateDoesNotExist: core/contacts.html
Internal Server Error: /contacts/
Traceback (most recent call last):
  File "C:\Users\Andrew\LR5\venv\Lib\site-packages\django\core\handlers\exception.py", line 55, in inner
    response = get_response(request)
  File "C:\Users\Andrew\LR5\venv\Lib\site-packages\django\core\handlers\base.py", line 198, in _get_response
    response = wrapped_callback(request, *callback_args, **callback_kwargs)
  File "C:\Users\Andrew\LR5\apps\core\views.py", line 44, in contacts
    return render(request, 'core/contacts.html', {'employees': employees})
  File "C:\Users\Andrew\LR5\venv\Lib\site-packages\django\shortcuts.py", line 25, in render
    content = loader.render_to_string(template_name, context, request, using=using)
  File "C:\Users\Andrew\LR5\venv\Lib\site-packages\django\template\loader.py", line 61, in render_to_string
    template = get_template(template_name, using=using)
  File "C:\Users\Andrew\LR5\venv\Lib\site-packages\django\template\loader.py", line 19, in get_template
    raise TemplateDoesNotExist(template_name, chain=chain)
django.template.exceptions.TemplateDoesNotExist: core/contacts.html
C:\Users\Andrew\LR5\apps\core\views.py changed, reloading.
Watching for file changes with StatReloader
C:\Users\Andrew\LR5\apps\core\urls.py changed, reloading.
Watching for file changes with StatReloader
Watching for file changes with StatReloader
Method Not Allowed (GET): /logout/
Method Not Allowed (GET): /logout/
Method Not Allowed (GET): /logout/
Method Not Allowed (GET): /logout/
Method Not Allowed (GET): /logout/
C:\Users\Andrew\LR5\apps\core\urls.py changed, reloading.
Watching for file changes with StatReloader
Watching for file changes with StatReloader
Method Not Allowed (GET): /logout/
Method Not Allowed (GET): /logout/
Method Not Allowed (GET): /logout/
Method Not Allowed (GET): /logout/
Method Not Allowed (GET): /logout/
Method Not Allowed (GET): /logout/
Watching for file changes with StatReloader
Method Not Allowed (GET): /logout/
C:\Users\Andrew\LR5\config\urls.py changed, reloading.
Watching for file changes with StatReloader
C:\Users\Andrew\LR5\apps\core\urls.py changed, reloading.
Watching for file changes with StatReloader
Watching for file changes with StatReloader
Internal Server Error: /contacts/
Traceback (most recent call last):
  File "C:\Users\Andrew\LR5\venv\Lib\site-packages\django\core\handlers\exception.py", line 55, in inner
    response = get_response(request)
  File "C:\Users\Andrew\LR5\venv\Lib\site-packages\django\core\handlers\base.py", line 198, in _get_response
    response = wrapped_callback(request, *callback_args, **callback_kwargs)
  File "C:\Users\Andrew\LR5\apps\core\views.py", line 44, in contacts
    return render(request, 'core/contacts.html', {'employees': employees})
  File "C:\Users\Andrew\LR5\venv\Lib\site-packages\django\shortcuts.py", line 25, in render
    content = loader.render_to_string(template_name, context, request, using=using)
  File "C:\Users\Andrew\LR5\venv\Lib\site-packages\django\template\loader.py", line 61, in render_to_string
    template = get_template(template_name, using=using)
  File "C:\Users\Andrew\LR5\venv\Lib\site-packages\django\template\loader.py", line 19, in get_template
    raise TemplateDoesNotExist(template_name, chain=chain)
django.template.exceptions.TemplateDoesNotExist: core/contacts.html
Internal Server Error: /contacts/
Traceback (most recent call last):
  File "C:\Users\Andrew\LR5\venv\Lib\site-packages\django\core\handlers\exception.py", line 55, in inner
    response = get_response(request)
  File "C:\Users\Andrew\LR5\venv\Lib\site-packages\django\core\handlers\base.py", line 198, in _get_response
    response = wrapped_callback(request, *callback_args, **callback_kwargs)
  File "C:\Users\Andrew\LR5\apps\core\views.py", line 44, in contacts
    return render(request, 'core/contacts.html', {'employees': employees})
  File "C:\Users\Andrew\LR5\venv\Lib\site-packages\django\shortcuts.py", line 25, in render
    content = loader.render_to_string(template_name, context, request, using=using)
  File "C:\Users\Andrew\LR5\venv\Lib\site-packages\django\template\loader.py", line 61, in render_to_string
    template = get_template(template_name, using=using)
  File "C:\Users\Andrew\LR5\venv\Lib\site-packages\django\template\loader.py", line 19, in get_template
    raise TemplateDoesNotExist(template_name, chain=chain)
django.template.exceptions.TemplateDoesNotExist: core/contacts.html
Watching for file changes with StatReloader
Internal Server Error: /contacts/
Traceback (most recent call last):
  File "C:\Users\Andrew\LR5\venv\Lib\site-packages\django\core\handlers\exception.py", line 55, in inner
    response = get_response(request)
  File "C:\Users\Andrew\LR5\venv\Lib\site-packages\django\core\handlers\base.py", line 198, in _get_response
    response = wrapped_callback(request, *callback_args, **callback_kwargs)
  File "C:\Users\Andrew\LR5\apps\core\views.py", line 44, in contacts
    return render(request, 'core/contacts.html', {'employees': employees})
  File "C:\Users\Andrew\LR5\venv\Lib\site-packages\django\shortcuts.py", line 25, in render
    content = loader.render_to_string(template_name, context, request, using=using)
  File "C:\Users\Andrew\LR5\venv\Lib\site-packages\django\template\loader.py", line 61, in render_to_string
    template = get_template(template_name, using=using)
  File "C:\Users\Andrew\LR5\venv\Lib\site-packages\django\template\loader.py", line 19, in get_template
    raise TemplateDoesNotExist(template_name, chain=chain)
django.template.exceptions.TemplateDoesNotExist: core/contacts.html
C:\Users\Andrew\LR5\config\settings.py changed, reloading.
Watching for file changes with StatReloader
C:\Users\Andrew\LR5\config\settings.py changed, reloading.
Watching for file changes with StatReloader
Watching for file changes with StatReloader
Internal Server Error: /contacts/
Traceback (most recent call last):
  File "C:\Users\Andrew\LR5\venv\Lib\site-packages\django\core\handlers\exception.py", line 55, in inner
    response = get_response(request)
  File "C:\Users\Andrew\LR5\venv\Lib\site-packages\django\core\handlers\base.py", line 198, in _get_response
    response = wrapped_callback(request, *callback_args, **callback_kwargs)
  File "C:\Users\Andrew\LR5\apps\core\views.py", line 44, in contacts
    return render(request, 'core/contacts.html', {'employees': employees})
  File "C:\Users\Andrew\LR5\venv\Lib\site-packages\django\shortcuts.py", line 25, in render
    content = loader.render_to_string(template_name, context, request, using=using)
  File "C:\Users\Andrew\LR5\venv\Lib\site-packages\django\template\loader.py", line 61, in render_to_string
    template = get_template(template_name, using=using)
  File "C:\Users\Andrew\LR5\venv\Lib\site-packages\django\template\loader.py", line 19, in get_template
    raise TemplateDoesNotExist(template_name, chain=chain)
django.template.exceptions.TemplateDoesNotExist: core/contacts.html
Watching for file changes with StatReloader
Watching for file changes with StatReloader
Not Found: /admin/contracts/
Not Found: /admin/agents/
Not Found: /admin/agents-income/
Internal Server Error: /crud/branches/
Traceback (most recent call last):
  File "C:\Users\Andrew\LR5\venv\Lib\site-packages\django\core\handlers\exception.py", line 55, in inner
    response = get_response(request)
  File "C:\Users\Andrew\LR5\venv\Lib\site-packages\django\core\handlers\base.py", line 198, in _get_response
    response = wrapped_callback(request, *callback_args, **callback_kwargs)
  File "C:\Users\Andrew\LR5\apps\core\views.py", line 246, in branch_list
    return render(request, 'core/crud/branch_list.html', {'branches': branches})
  File "C:\Users\Andrew\LR5\venv\Lib\site-packages\django\shortcuts.py", line 25, in render
    content = loader.render_to_string(template_name, context, request, using=using)
  File "C:\Users\Andrew\LR5\venv\Lib\site-packages\django\template\loader.py", line 61, in render_to_string
    template = get_template(template_name, using=using)
  File "C:\Users\Andrew\LR5\venv\Lib\site-packages\django\template\loader.py", line 19, in get_template
    raise TemplateDoesNotExist(template_name, chain=chain)
django.template.exceptions.TemplateDoesNotExist: core/crud/branch_list.html
C:\Users\Andrew\LR5\apps\core\views.py changed, reloading.
Watching for file changes with StatReloader
C:\Users\Andrew\LR5\apps\core\urls.py changed, reloading.
Watching for file changes with StatReloader
C:\Users\Andrew\LR5\apps\core\auth_views.py changed, reloading.
Watching for file changes with StatReloader
C:\Users\Andrew\LR5\config\settings.py changed, reloading.
Watching for file changes with StatReloader
Session data corrupted
Главная страница загружена
Session data corrupted
Session data corrupted
Session data corrupted
Session data corrupted
Session data corrupted
Session data corrupted
Session data corrupted
Session data corrupted
Session data corrupted
Session data corrupted
C:\Users\Andrew\LR5\apps\core\views.py changed, reloading.
Watching for file changes with StatReloader
C:\Users\Andrew\LR5\apps\core\views.py changed, reloading.
Watching for file changes with StatReloader
Watching for file changes with StatReloader
Session data corrupted
Session data corrupted
Session data corrupted
Session data corrupted
Session data corrupted
Session data corrupted
Session data corrupted
Session data corrupted
Session data corrupted
